# '/' define atoms of the CH3 and NH-CH3 caps
# index_itp   name_itp   name   name_itp_index
     1      C1        /       /
     2      N1      +N2     +N2
     3      C2      +CK     +CK
     4      O1        O      15
     5      C3       CB       5
     6      O2       -O      -O
     7      C4      +CA     +CA
     8      N2      +N1     +N1
     9      C5        C      14
    10      N3       N2      12
    11      C6       CK       9
    12      C7       CA       3
    13      N4       N1       1
    14      C8       -C      -C
    15      N5      -N2     -N2
    16      C9      -CK     -CK
    17     C10      -CA     -CA
    18      N6      -N1     -N1
    19     C11        /       /
    20      H1        /       /
    21      H2        /       /
    22      H3        /       /
    23      H4        /       /
    24      H5        /       /
    25      H6     +HK1    +HK1
    26      H7     +HK2    +HK2
    27      H8      HB1       6
    28      H9      HB2       7
    29     H10      HB3       8
    30     H11     +HA1     +HA
    31     H12     +HA2     +HA
    32     H13      +H1     +H1
    33     H14       H2      13 
    34     H15      HK1      10
    35     H16      HK2      11
    36     H17       HA       4
    37     H18       H1       2
    38     H19      -H2     -H2
    39     H20     -HK1    -HK1
    40     H21     -HK2    -HK2
    41     H22     -HA1     -HA
    42     H23     -HA2     -HA
    43     H24        /       /
    44     H25        /       /
    45     H26        /       /
    46     H27        /       /
    47     H28        /       /
